// Vitest Snapshot v1, https://vitest.dev/guide/snapshot.html

exports[`feed > get feed { searchParams: '?page=1' } 1`] = `
{
  "items": [
    {
      "durationSeconds": 669,
      "id": 1626,
      "isOnPlaylist": false,
      "podcast": {
        "id": 11,
        "title": "@Tech Talk ",
      },
      "pubDate": 2024-05-13T17:00:00.088Z,
      "title": "Podcast (11) Episode #145",
    },
    {
      "durationSeconds": 666,
      "id": 1625,
      "isOnPlaylist": false,
      "podcast": {
        "id": 11,
        "title": "@Tech Talk ",
      },
      "pubDate": 2024-05-13T00:00:00.088Z,
      "title": "Podcast (11) Episode #144",
    },
    {
      "durationSeconds": 663,
      "id": 1624,
      "isOnPlaylist": false,
      "podcast": {
        "id": 11,
        "title": "@Tech Talk ",
      },
      "pubDate": 2024-05-12T07:00:00.088Z,
      "title": "Podcast (11) Episode #143",
    },
    {
      "durationSeconds": 660,
      "id": 1623,
      "isOnPlaylist": false,
      "podcast": {
        "id": 11,
        "title": "@Tech Talk ",
      },
      "pubDate": 2024-05-11T14:00:00.088Z,
      "title": "Podcast (11) Episode #142",
    },
    {
      "durationSeconds": 657,
      "id": 1622,
      "isOnPlaylist": true,
      "podcast": {
        "id": 11,
        "title": "@Tech Talk ",
      },
      "pubDate": 2024-05-10T21:00:00.088Z,
      "title": "Podcast (11) Episode #141",
    },
    {
      "durationSeconds": 654,
      "id": 1621,
      "isOnPlaylist": false,
      "podcast": {
        "id": 11,
        "title": "@Tech Talk ",
      },
      "pubDate": 2024-05-10T04:00:00.088Z,
      "title": "Podcast (11) Episode #140",
    },
    {
      "durationSeconds": 651,
      "id": 1620,
      "isOnPlaylist": false,
      "podcast": {
        "id": 11,
        "title": "@Tech Talk ",
      },
      "pubDate": 2024-05-09T11:00:00.088Z,
      "title": "Podcast (11) Episode #139",
    },
    {
      "durationSeconds": 648,
      "id": 1619,
      "isOnPlaylist": false,
      "podcast": {
        "id": 11,
        "title": "@Tech Talk ",
      },
      "pubDate": 2024-05-08T18:00:00.088Z,
      "title": "Podcast (11) Episode #138",
    },
    {
      "durationSeconds": 645,
      "id": 1618,
      "isOnPlaylist": false,
      "podcast": {
        "id": 11,
        "title": "@Tech Talk ",
      },
      "pubDate": 2024-05-08T01:00:00.088Z,
      "title": "Podcast (11) Episode #137",
    },
    {
      "durationSeconds": 642,
      "id": 1617,
      "isOnPlaylist": false,
      "podcast": {
        "id": 11,
        "title": "@Tech Talk ",
      },
      "pubDate": 2024-05-07T08:00:00.088Z,
      "title": "Podcast (11) Episode #136",
    },
    {
      "durationSeconds": 639,
      "id": 1616,
      "isOnPlaylist": false,
      "podcast": {
        "id": 11,
        "title": "@Tech Talk ",
      },
      "pubDate": 2024-05-06T15:00:00.088Z,
      "title": "Podcast (11) Episode #135",
    },
    {
      "durationSeconds": 636,
      "id": 1615,
      "isOnPlaylist": false,
      "podcast": {
        "id": 11,
        "title": "@Tech Talk ",
      },
      "pubDate": 2024-05-05T22:00:00.088Z,
      "title": "Podcast (11) Episode #134",
    },
    {
      "durationSeconds": 633,
      "id": 1614,
      "isOnPlaylist": false,
      "podcast": {
        "id": 11,
        "title": "@Tech Talk ",
      },
      "pubDate": 2024-05-05T05:00:00.088Z,
      "title": "Podcast (11) Episode #133",
    },
    {
      "durationSeconds": 630,
      "id": 1613,
      "isOnPlaylist": false,
      "podcast": {
        "id": 11,
        "title": "@Tech Talk ",
      },
      "pubDate": 2024-05-04T12:00:00.088Z,
      "title": "Podcast (11) Episode #132",
    },
    {
      "durationSeconds": 627,
      "id": 1612,
      "isOnPlaylist": false,
      "podcast": {
        "id": 11,
        "title": "@Tech Talk ",
      },
      "pubDate": 2024-05-03T19:00:00.088Z,
      "title": "Podcast (11) Episode #131",
    },
    {
      "durationSeconds": 624,
      "id": 1611,
      "isOnPlaylist": false,
      "podcast": {
        "id": 11,
        "title": "@Tech Talk ",
      },
      "pubDate": 2024-05-03T02:00:00.088Z,
      "title": "Podcast (11) Episode #130",
    },
    {
      "durationSeconds": 621,
      "id": 1610,
      "isOnPlaylist": false,
      "podcast": {
        "id": 11,
        "title": "@Tech Talk ",
      },
      "pubDate": 2024-05-02T09:00:00.088Z,
      "title": "Podcast (11) Episode #129",
    },
    {
      "durationSeconds": 618,
      "id": 1609,
      "isOnPlaylist": false,
      "podcast": {
        "id": 11,
        "title": "@Tech Talk ",
      },
      "pubDate": 2024-05-01T16:00:00.088Z,
      "title": "Podcast (11) Episode #128",
    },
    {
      "durationSeconds": 615,
      "id": 1608,
      "isOnPlaylist": false,
      "podcast": {
        "id": 11,
        "title": "@Tech Talk ",
      },
      "pubDate": 2024-04-30T23:00:00.088Z,
      "title": "Podcast (11) Episode #127",
    },
    {
      "durationSeconds": 612,
      "id": 1607,
      "isOnPlaylist": false,
      "podcast": {
        "id": 11,
        "title": "@Tech Talk ",
      },
      "pubDate": 2024-04-30T06:00:00.088Z,
      "title": "Podcast (11) Episode #126",
    },
    {
      "durationSeconds": 609,
      "id": 1606,
      "isOnPlaylist": false,
      "podcast": {
        "id": 11,
        "title": "@Tech Talk ",
      },
      "pubDate": 2024-04-29T13:00:00.088Z,
      "title": "Podcast (11) Episode #125",
    },
    {
      "durationSeconds": 606,
      "id": 1605,
      "isOnPlaylist": false,
      "podcast": {
        "id": 11,
        "title": "@Tech Talk ",
      },
      "pubDate": 2024-04-28T20:00:00.088Z,
      "title": "Podcast (11) Episode #124",
    },
    {
      "durationSeconds": 603,
      "id": 1604,
      "isOnPlaylist": false,
      "podcast": {
        "id": 11,
        "title": "@Tech Talk ",
      },
      "pubDate": 2024-04-28T03:00:00.088Z,
      "title": "Podcast (11) Episode #123",
    },
    {
      "durationSeconds": 600,
      "id": 1603,
      "isOnPlaylist": false,
      "podcast": {
        "id": 11,
        "title": "@Tech Talk ",
      },
      "pubDate": 2024-04-27T10:00:00.088Z,
      "title": "Podcast (11) Episode #122",
    },
    {
      "durationSeconds": 597,
      "id": 1602,
      "isOnPlaylist": false,
      "podcast": {
        "id": 11,
        "title": "@Tech Talk ",
      },
      "pubDate": 2024-04-26T17:00:00.088Z,
      "title": "Podcast (11) Episode #121",
    },
    {
      "durationSeconds": 594,
      "id": 1601,
      "isOnPlaylist": false,
      "podcast": {
        "id": 11,
        "title": "@Tech Talk ",
      },
      "pubDate": 2024-04-26T00:00:00.088Z,
      "title": "Podcast (11) Episode #120",
    },
    {
      "durationSeconds": 591,
      "id": 1600,
      "isOnPlaylist": false,
      "podcast": {
        "id": 11,
        "title": "@Tech Talk ",
      },
      "pubDate": 2024-04-25T07:00:00.088Z,
      "title": "Podcast (11) Episode #119",
    },
    {
      "durationSeconds": 588,
      "id": 1599,
      "isOnPlaylist": false,
      "podcast": {
        "id": 11,
        "title": "@Tech Talk ",
      },
      "pubDate": 2024-04-24T14:00:00.088Z,
      "title": "Podcast (11) Episode #118",
    },
    {
      "durationSeconds": 585,
      "id": 1598,
      "isOnPlaylist": false,
      "podcast": {
        "id": 11,
        "title": "@Tech Talk ",
      },
      "pubDate": 2024-04-23T21:00:00.088Z,
      "title": "Podcast (11) Episode #117",
    },
    {
      "durationSeconds": 582,
      "id": 1597,
      "isOnPlaylist": false,
      "podcast": {
        "id": 11,
        "title": "@Tech Talk ",
      },
      "pubDate": 2024-04-23T04:00:00.088Z,
      "title": "Podcast (11) Episode #116",
    },
    {
      "durationSeconds": 579,
      "id": 1596,
      "isOnPlaylist": false,
      "podcast": {
        "id": 11,
        "title": "@Tech Talk ",
      },
      "pubDate": 2024-04-22T11:00:00.088Z,
      "title": "Podcast (11) Episode #115",
    },
    {
      "durationSeconds": 576,
      "id": 1595,
      "isOnPlaylist": false,
      "podcast": {
        "id": 11,
        "title": "@Tech Talk ",
      },
      "pubDate": 2024-04-21T18:00:00.088Z,
      "title": "Podcast (11) Episode #114",
    },
    {
      "durationSeconds": 573,
      "id": 1594,
      "isOnPlaylist": false,
      "podcast": {
        "id": 11,
        "title": "@Tech Talk ",
      },
      "pubDate": 2024-04-21T01:00:00.088Z,
      "title": "Podcast (11) Episode #113",
    },
    {
      "durationSeconds": 570,
      "id": 1593,
      "isOnPlaylist": false,
      "podcast": {
        "id": 11,
        "title": "@Tech Talk ",
      },
      "pubDate": 2024-04-20T08:00:00.088Z,
      "title": "Podcast (11) Episode #112",
    },
    {
      "durationSeconds": 567,
      "id": 1592,
      "isOnPlaylist": false,
      "podcast": {
        "id": 11,
        "title": "@Tech Talk ",
      },
      "pubDate": 2024-04-19T15:00:00.088Z,
      "title": "Podcast (11) Episode #111",
    },
    {
      "durationSeconds": 564,
      "id": 1591,
      "isOnPlaylist": false,
      "podcast": {
        "id": 11,
        "title": "@Tech Talk ",
      },
      "pubDate": 2024-04-18T22:00:00.088Z,
      "title": "Podcast (11) Episode #110",
    },
    {
      "durationSeconds": 561,
      "id": 1590,
      "isOnPlaylist": false,
      "podcast": {
        "id": 11,
        "title": "@Tech Talk ",
      },
      "pubDate": 2024-04-18T05:00:00.088Z,
      "title": "Podcast (11) Episode #109",
    },
    {
      "durationSeconds": 558,
      "id": 1589,
      "isOnPlaylist": false,
      "podcast": {
        "id": 11,
        "title": "@Tech Talk ",
      },
      "pubDate": 2024-04-17T12:00:00.088Z,
      "title": "Podcast (11) Episode #108",
    },
    {
      "durationSeconds": 555,
      "id": 1588,
      "isOnPlaylist": false,
      "podcast": {
        "id": 11,
        "title": "@Tech Talk ",
      },
      "pubDate": 2024-04-16T19:00:00.088Z,
      "title": "Podcast (11) Episode #107",
    },
    {
      "durationSeconds": 552,
      "id": 1587,
      "isOnPlaylist": false,
      "podcast": {
        "id": 11,
        "title": "@Tech Talk ",
      },
      "pubDate": 2024-04-16T02:00:00.088Z,
      "title": "Podcast (11) Episode #106",
    },
    {
      "durationSeconds": 549,
      "id": 1586,
      "isOnPlaylist": false,
      "podcast": {
        "id": 11,
        "title": "@Tech Talk ",
      },
      "pubDate": 2024-04-15T09:00:00.088Z,
      "title": "Podcast (11) Episode #105",
    },
    {
      "durationSeconds": 546,
      "id": 1585,
      "isOnPlaylist": false,
      "podcast": {
        "id": 11,
        "title": "@Tech Talk ",
      },
      "pubDate": 2024-04-14T16:00:00.088Z,
      "title": "Podcast (11) Episode #104",
    },
    {
      "durationSeconds": 543,
      "id": 1584,
      "isOnPlaylist": false,
      "podcast": {
        "id": 11,
        "title": "@Tech Talk ",
      },
      "pubDate": 2024-04-13T23:00:00.088Z,
      "title": "Podcast (11) Episode #103",
    },
    {
      "durationSeconds": 540,
      "id": 1583,
      "isOnPlaylist": false,
      "podcast": {
        "id": 11,
        "title": "@Tech Talk ",
      },
      "pubDate": 2024-04-13T06:00:00.088Z,
      "title": "Podcast (11) Episode #102",
    },
    {
      "durationSeconds": 537,
      "id": 1582,
      "isOnPlaylist": false,
      "podcast": {
        "id": 11,
        "title": "@Tech Talk ",
      },
      "pubDate": 2024-04-12T13:00:00.088Z,
      "title": "Podcast (11) Episode #101",
    },
    {
      "durationSeconds": 534,
      "id": 1581,
      "isOnPlaylist": false,
      "podcast": {
        "id": 11,
        "title": "@Tech Talk ",
      },
      "pubDate": 2024-04-11T20:00:00.088Z,
      "title": "Podcast (11) Episode #100",
    },
    {
      "durationSeconds": 531,
      "id": 1580,
      "isOnPlaylist": false,
      "podcast": {
        "id": 11,
        "title": "@Tech Talk ",
      },
      "pubDate": 2024-04-11T03:00:00.088Z,
      "title": "Podcast (11) Episode #99",
    },
    {
      "durationSeconds": 528,
      "id": 1579,
      "isOnPlaylist": false,
      "podcast": {
        "id": 11,
        "title": "@Tech Talk ",
      },
      "pubDate": 2024-04-10T10:00:00.088Z,
      "title": "Podcast (11) Episode #98",
    },
    {
      "durationSeconds": 525,
      "id": 1578,
      "isOnPlaylist": false,
      "podcast": {
        "id": 11,
        "title": "@Tech Talk ",
      },
      "pubDate": 2024-04-09T17:00:00.088Z,
      "title": "Podcast (11) Episode #97",
    },
    {
      "durationSeconds": 522,
      "id": 1577,
      "isOnPlaylist": false,
      "podcast": {
        "id": 11,
        "title": "@Tech Talk ",
      },
      "pubDate": 2024-04-09T00:00:00.088Z,
      "title": "Podcast (11) Episode #96",
    },
  ],
  "totalItems": 284,
}
`;

exports[`feed > get feed { searchParams: '?page=2' } 1`] = `
{
  "items": [
    {
      "durationSeconds": 519,
      "id": 1576,
      "isOnPlaylist": false,
      "podcast": {
        "id": 11,
        "title": "@Tech Talk ",
      },
      "pubDate": 2024-04-08T07:00:00.088Z,
      "title": "Podcast (11) Episode #95",
    },
    {
      "durationSeconds": 516,
      "id": 1575,
      "isOnPlaylist": false,
      "podcast": {
        "id": 11,
        "title": "@Tech Talk ",
      },
      "pubDate": 2024-04-07T14:00:00.088Z,
      "title": "Podcast (11) Episode #94",
    },
    {
      "durationSeconds": 513,
      "id": 1574,
      "isOnPlaylist": false,
      "podcast": {
        "id": 11,
        "title": "@Tech Talk ",
      },
      "pubDate": 2024-04-06T21:00:00.088Z,
      "title": "Podcast (11) Episode #93",
    },
    {
      "durationSeconds": 513,
      "id": 1203,
      "isOnPlaylist": false,
      "podcast": {
        "id": 9,
        "title": "8-Bit Adventures",
      },
      "pubDate": 2024-04-06T21:00:00.072Z,
      "title": "Podcast (9) Episode #93",
    },
    {
      "durationSeconds": 510,
      "id": 1573,
      "isOnPlaylist": false,
      "podcast": {
        "id": 11,
        "title": "@Tech Talk ",
      },
      "pubDate": 2024-04-06T04:00:00.088Z,
      "title": "Podcast (11) Episode #92",
    },
    {
      "durationSeconds": 510,
      "id": 1202,
      "isOnPlaylist": false,
      "podcast": {
        "id": 9,
        "title": "8-Bit Adventures",
      },
      "pubDate": 2024-04-06T04:00:00.072Z,
      "title": "Podcast (9) Episode #92",
    },
    {
      "durationSeconds": 507,
      "id": 1572,
      "isOnPlaylist": false,
      "podcast": {
        "id": 11,
        "title": "@Tech Talk ",
      },
      "pubDate": 2024-04-05T11:00:00.088Z,
      "title": "Podcast (11) Episode #91",
    },
    {
      "durationSeconds": 507,
      "id": 1201,
      "isOnPlaylist": false,
      "podcast": {
        "id": 9,
        "title": "8-Bit Adventures",
      },
      "pubDate": 2024-04-05T11:00:00.072Z,
      "title": "Podcast (9) Episode #91",
    },
    {
      "durationSeconds": 504,
      "id": 1571,
      "isOnPlaylist": false,
      "podcast": {
        "id": 11,
        "title": "@Tech Talk ",
      },
      "pubDate": 2024-04-04T18:00:00.088Z,
      "title": "Podcast (11) Episode #90",
    },
    {
      "durationSeconds": 504,
      "id": 1200,
      "isOnPlaylist": false,
      "podcast": {
        "id": 9,
        "title": "8-Bit Adventures",
      },
      "pubDate": 2024-04-04T18:00:00.072Z,
      "title": "Podcast (9) Episode #90",
    },
    {
      "durationSeconds": 501,
      "id": 1570,
      "isOnPlaylist": false,
      "podcast": {
        "id": 11,
        "title": "@Tech Talk ",
      },
      "pubDate": 2024-04-04T01:00:00.088Z,
      "title": "Podcast (11) Episode #89",
    },
    {
      "durationSeconds": 501,
      "id": 1199,
      "isOnPlaylist": false,
      "podcast": {
        "id": 9,
        "title": "8-Bit Adventures",
      },
      "pubDate": 2024-04-04T01:00:00.072Z,
      "title": "Podcast (9) Episode #89",
    },
    {
      "durationSeconds": 498,
      "id": 1569,
      "isOnPlaylist": false,
      "podcast": {
        "id": 11,
        "title": "@Tech Talk ",
      },
      "pubDate": 2024-04-03T08:00:00.088Z,
      "title": "Podcast (11) Episode #88",
    },
    {
      "durationSeconds": 498,
      "id": 1198,
      "isOnPlaylist": false,
      "podcast": {
        "id": 9,
        "title": "8-Bit Adventures",
      },
      "pubDate": 2024-04-03T08:00:00.072Z,
      "title": "Podcast (9) Episode #88",
    },
    {
      "durationSeconds": 495,
      "id": 1568,
      "isOnPlaylist": false,
      "podcast": {
        "id": 11,
        "title": "@Tech Talk ",
      },
      "pubDate": 2024-04-02T15:00:00.088Z,
      "title": "Podcast (11) Episode #87",
    },
    {
      "durationSeconds": 495,
      "id": 1197,
      "isOnPlaylist": false,
      "podcast": {
        "id": 9,
        "title": "8-Bit Adventures",
      },
      "pubDate": 2024-04-02T15:00:00.072Z,
      "title": "Podcast (9) Episode #87",
    },
    {
      "durationSeconds": 492,
      "id": 1567,
      "isOnPlaylist": false,
      "podcast": {
        "id": 11,
        "title": "@Tech Talk ",
      },
      "pubDate": 2024-04-01T22:00:00.088Z,
      "title": "Podcast (11) Episode #86",
    },
    {
      "durationSeconds": 492,
      "id": 1196,
      "isOnPlaylist": false,
      "podcast": {
        "id": 9,
        "title": "8-Bit Adventures",
      },
      "pubDate": 2024-04-01T22:00:00.072Z,
      "title": "Podcast (9) Episode #86",
    },
    {
      "durationSeconds": 489,
      "id": 1566,
      "isOnPlaylist": false,
      "podcast": {
        "id": 11,
        "title": "@Tech Talk ",
      },
      "pubDate": 2024-04-01T05:00:00.088Z,
      "title": "Podcast (11) Episode #85",
    },
    {
      "durationSeconds": 489,
      "id": 1195,
      "isOnPlaylist": false,
      "podcast": {
        "id": 9,
        "title": "8-Bit Adventures",
      },
      "pubDate": 2024-04-01T05:00:00.072Z,
      "title": "Podcast (9) Episode #85",
    },
    {
      "durationSeconds": 486,
      "id": 1565,
      "isOnPlaylist": false,
      "podcast": {
        "id": 11,
        "title": "@Tech Talk ",
      },
      "pubDate": 2024-03-31T12:00:00.088Z,
      "title": "Podcast (11) Episode #84",
    },
    {
      "durationSeconds": 486,
      "id": 1194,
      "isOnPlaylist": false,
      "podcast": {
        "id": 9,
        "title": "8-Bit Adventures",
      },
      "pubDate": 2024-03-31T12:00:00.072Z,
      "title": "Podcast (9) Episode #84",
    },
    {
      "durationSeconds": 483,
      "id": 1564,
      "isOnPlaylist": false,
      "podcast": {
        "id": 11,
        "title": "@Tech Talk ",
      },
      "pubDate": 2024-03-30T19:00:00.088Z,
      "title": "Podcast (11) Episode #83",
    },
    {
      "durationSeconds": 483,
      "id": 1193,
      "isOnPlaylist": false,
      "podcast": {
        "id": 9,
        "title": "8-Bit Adventures",
      },
      "pubDate": 2024-03-30T19:00:00.072Z,
      "title": "Podcast (9) Episode #83",
    },
    {
      "durationSeconds": 480,
      "id": 1563,
      "isOnPlaylist": false,
      "podcast": {
        "id": 11,
        "title": "@Tech Talk ",
      },
      "pubDate": 2024-03-30T02:00:00.088Z,
      "title": "Podcast (11) Episode #82",
    },
    {
      "durationSeconds": 480,
      "id": 1192,
      "isOnPlaylist": false,
      "podcast": {
        "id": 9,
        "title": "8-Bit Adventures",
      },
      "pubDate": 2024-03-30T02:00:00.072Z,
      "title": "Podcast (9) Episode #82",
    },
    {
      "durationSeconds": 477,
      "id": 1562,
      "isOnPlaylist": false,
      "podcast": {
        "id": 11,
        "title": "@Tech Talk ",
      },
      "pubDate": 2024-03-29T09:00:00.088Z,
      "title": "Podcast (11) Episode #81",
    },
    {
      "durationSeconds": 477,
      "id": 1191,
      "isOnPlaylist": true,
      "podcast": {
        "id": 9,
        "title": "8-Bit Adventures",
      },
      "pubDate": 2024-03-29T09:00:00.072Z,
      "title": "Podcast (9) Episode #81",
    },
    {
      "durationSeconds": 474,
      "id": 1561,
      "isOnPlaylist": false,
      "podcast": {
        "id": 11,
        "title": "@Tech Talk ",
      },
      "pubDate": 2024-03-28T16:00:00.088Z,
      "title": "Podcast (11) Episode #80",
    },
    {
      "durationSeconds": 474,
      "id": 1190,
      "isOnPlaylist": false,
      "podcast": {
        "id": 9,
        "title": "8-Bit Adventures",
      },
      "pubDate": 2024-03-28T16:00:00.072Z,
      "title": "Podcast (9) Episode #80",
    },
    {
      "durationSeconds": 471,
      "id": 1560,
      "isOnPlaylist": false,
      "podcast": {
        "id": 11,
        "title": "@Tech Talk ",
      },
      "pubDate": 2024-03-27T23:00:00.088Z,
      "title": "Podcast (11) Episode #79",
    },
    {
      "durationSeconds": 471,
      "id": 1189,
      "isOnPlaylist": false,
      "podcast": {
        "id": 9,
        "title": "8-Bit Adventures",
      },
      "pubDate": 2024-03-27T23:00:00.072Z,
      "title": "Podcast (9) Episode #79",
    },
    {
      "durationSeconds": 468,
      "id": 1559,
      "isOnPlaylist": false,
      "podcast": {
        "id": 11,
        "title": "@Tech Talk ",
      },
      "pubDate": 2024-03-27T06:00:00.088Z,
      "title": "Podcast (11) Episode #78",
    },
    {
      "durationSeconds": 468,
      "id": 1188,
      "isOnPlaylist": false,
      "podcast": {
        "id": 9,
        "title": "8-Bit Adventures",
      },
      "pubDate": 2024-03-27T06:00:00.072Z,
      "title": "Podcast (9) Episode #78",
    },
    {
      "durationSeconds": 465,
      "id": 1558,
      "isOnPlaylist": false,
      "podcast": {
        "id": 11,
        "title": "@Tech Talk ",
      },
      "pubDate": 2024-03-26T13:00:00.088Z,
      "title": "Podcast (11) Episode #77",
    },
    {
      "durationSeconds": 465,
      "id": 1187,
      "isOnPlaylist": false,
      "podcast": {
        "id": 9,
        "title": "8-Bit Adventures",
      },
      "pubDate": 2024-03-26T13:00:00.072Z,
      "title": "Podcast (9) Episode #77",
    },
    {
      "durationSeconds": 462,
      "id": 1557,
      "isOnPlaylist": false,
      "podcast": {
        "id": 11,
        "title": "@Tech Talk ",
      },
      "pubDate": 2024-03-25T20:00:00.088Z,
      "title": "Podcast (11) Episode #76",
    },
    {
      "durationSeconds": 462,
      "id": 1186,
      "isOnPlaylist": false,
      "podcast": {
        "id": 9,
        "title": "8-Bit Adventures",
      },
      "pubDate": 2024-03-25T20:00:00.072Z,
      "title": "Podcast (9) Episode #76",
    },
    {
      "durationSeconds": 459,
      "id": 1556,
      "isOnPlaylist": false,
      "podcast": {
        "id": 11,
        "title": "@Tech Talk ",
      },
      "pubDate": 2024-03-25T03:00:00.088Z,
      "title": "Podcast (11) Episode #75",
    },
    {
      "durationSeconds": 459,
      "id": 1185,
      "isOnPlaylist": false,
      "podcast": {
        "id": 9,
        "title": "8-Bit Adventures",
      },
      "pubDate": 2024-03-25T03:00:00.072Z,
      "title": "Podcast (9) Episode #75",
    },
    {
      "durationSeconds": 456,
      "id": 1555,
      "isOnPlaylist": false,
      "podcast": {
        "id": 11,
        "title": "@Tech Talk ",
      },
      "pubDate": 2024-03-24T10:00:00.088Z,
      "title": "Podcast (11) Episode #74",
    },
    {
      "durationSeconds": 456,
      "id": 1184,
      "isOnPlaylist": false,
      "podcast": {
        "id": 9,
        "title": "8-Bit Adventures",
      },
      "pubDate": 2024-03-24T10:00:00.072Z,
      "title": "Podcast (9) Episode #74",
    },
    {
      "durationSeconds": 453,
      "id": 1554,
      "isOnPlaylist": false,
      "podcast": {
        "id": 11,
        "title": "@Tech Talk ",
      },
      "pubDate": 2024-03-23T17:00:00.088Z,
      "title": "Podcast (11) Episode #73",
    },
    {
      "durationSeconds": 453,
      "id": 1183,
      "isOnPlaylist": false,
      "podcast": {
        "id": 9,
        "title": "8-Bit Adventures",
      },
      "pubDate": 2024-03-23T17:00:00.072Z,
      "title": "Podcast (9) Episode #73",
    },
    {
      "durationSeconds": 450,
      "id": 1553,
      "isOnPlaylist": false,
      "podcast": {
        "id": 11,
        "title": "@Tech Talk ",
      },
      "pubDate": 2024-03-23T00:00:00.088Z,
      "title": "Podcast (11) Episode #72",
    },
    {
      "durationSeconds": 450,
      "id": 1182,
      "isOnPlaylist": false,
      "podcast": {
        "id": 9,
        "title": "8-Bit Adventures",
      },
      "pubDate": 2024-03-23T00:00:00.072Z,
      "title": "Podcast (9) Episode #72",
    },
    {
      "durationSeconds": 447,
      "id": 1552,
      "isOnPlaylist": false,
      "podcast": {
        "id": 11,
        "title": "@Tech Talk ",
      },
      "pubDate": 2024-03-22T07:00:00.088Z,
      "title": "Podcast (11) Episode #71",
    },
    {
      "durationSeconds": 447,
      "id": 1181,
      "isOnPlaylist": false,
      "podcast": {
        "id": 9,
        "title": "8-Bit Adventures",
      },
      "pubDate": 2024-03-22T07:00:00.072Z,
      "title": "Podcast (9) Episode #71",
    },
    {
      "durationSeconds": 444,
      "id": 1551,
      "isOnPlaylist": false,
      "podcast": {
        "id": 11,
        "title": "@Tech Talk ",
      },
      "pubDate": 2024-03-21T14:00:00.088Z,
      "title": "Podcast (11) Episode #70",
    },
    {
      "durationSeconds": 444,
      "id": 1180,
      "isOnPlaylist": false,
      "podcast": {
        "id": 9,
        "title": "8-Bit Adventures",
      },
      "pubDate": 2024-03-21T14:00:00.072Z,
      "title": "Podcast (9) Episode #70",
    },
  ],
  "totalItems": 284,
}
`;

exports[`feed > get feed { searchParams: '?page=6' } 1`] = `
{
  "items": [
    {
      "durationSeconds": 261,
      "id": 473,
      "isOnPlaylist": false,
      "podcast": {
        "id": 6,
        "title": "Fitness Frontier",
      },
      "pubDate": 2024-02-07T09:00:00.048Z,
      "title": "Podcast (6) Episode #9",
    },
    {
      "durationSeconds": 261,
      "id": 9,
      "isOnPlaylist": false,
      "podcast": {
        "id": 1,
        "title": "The Startup Squad",
      },
      "pubDate": 2024-02-07T09:00:00.008Z,
      "title": "Podcast (1) Episode #9",
    },
    {
      "durationSeconds": 258,
      "id": 1489,
      "isOnPlaylist": false,
      "podcast": {
        "id": 11,
        "title": "@Tech Talk ",
      },
      "pubDate": 2024-02-06T16:00:00.088Z,
      "title": "Podcast (11) Episode #8",
    },
    {
      "durationSeconds": 258,
      "id": 1118,
      "isOnPlaylist": false,
      "podcast": {
        "id": 9,
        "title": "8-Bit Adventures",
      },
      "pubDate": 2024-02-06T16:00:00.072Z,
      "title": "Podcast (9) Episode #8",
    },
    {
      "durationSeconds": 258,
      "id": 472,
      "isOnPlaylist": false,
      "podcast": {
        "id": 6,
        "title": "Fitness Frontier",
      },
      "pubDate": 2024-02-06T16:00:00.048Z,
      "title": "Podcast (6) Episode #8",
    },
    {
      "durationSeconds": 258,
      "id": 8,
      "isOnPlaylist": false,
      "podcast": {
        "id": 1,
        "title": "The Startup Squad",
      },
      "pubDate": 2024-02-06T16:00:00.008Z,
      "title": "Podcast (1) Episode #8",
    },
    {
      "durationSeconds": 255,
      "id": 1488,
      "isOnPlaylist": false,
      "podcast": {
        "id": 11,
        "title": "@Tech Talk ",
      },
      "pubDate": 2024-02-05T23:00:00.088Z,
      "title": "Podcast (11) Episode #7",
    },
    {
      "durationSeconds": 255,
      "id": 1117,
      "isOnPlaylist": false,
      "podcast": {
        "id": 9,
        "title": "8-Bit Adventures",
      },
      "pubDate": 2024-02-05T23:00:00.072Z,
      "title": "Podcast (9) Episode #7",
    },
    {
      "durationSeconds": 255,
      "id": 471,
      "isOnPlaylist": false,
      "podcast": {
        "id": 6,
        "title": "Fitness Frontier",
      },
      "pubDate": 2024-02-05T23:00:00.048Z,
      "title": "Podcast (6) Episode #7",
    },
    {
      "durationSeconds": 255,
      "id": 7,
      "isOnPlaylist": false,
      "podcast": {
        "id": 1,
        "title": "The Startup Squad",
      },
      "pubDate": 2024-02-05T23:00:00.008Z,
      "title": "Podcast (1) Episode #7",
    },
    {
      "durationSeconds": 252,
      "id": 1487,
      "isOnPlaylist": false,
      "podcast": {
        "id": 11,
        "title": "@Tech Talk ",
      },
      "pubDate": 2024-02-05T06:00:00.088Z,
      "title": "Podcast (11) Episode #6",
    },
    {
      "durationSeconds": 252,
      "id": 1116,
      "isOnPlaylist": false,
      "podcast": {
        "id": 9,
        "title": "8-Bit Adventures",
      },
      "pubDate": 2024-02-05T06:00:00.072Z,
      "title": "Podcast (9) Episode #6",
    },
    {
      "durationSeconds": 252,
      "id": 470,
      "isOnPlaylist": false,
      "podcast": {
        "id": 6,
        "title": "Fitness Frontier",
      },
      "pubDate": 2024-02-05T06:00:00.048Z,
      "title": "Podcast (6) Episode #6",
    },
    {
      "durationSeconds": 252,
      "id": 6,
      "isOnPlaylist": false,
      "podcast": {
        "id": 1,
        "title": "The Startup Squad",
      },
      "pubDate": 2024-02-05T06:00:00.008Z,
      "title": "Podcast (1) Episode #6",
    },
    {
      "durationSeconds": 249,
      "id": 1486,
      "isOnPlaylist": false,
      "podcast": {
        "id": 11,
        "title": "@Tech Talk ",
      },
      "pubDate": 2024-02-04T13:00:00.088Z,
      "title": "Podcast (11) Episode #5",
    },
    {
      "durationSeconds": 249,
      "id": 1115,
      "isOnPlaylist": false,
      "podcast": {
        "id": 9,
        "title": "8-Bit Adventures",
      },
      "pubDate": 2024-02-04T13:00:00.072Z,
      "title": "Podcast (9) Episode #5",
    },
    {
      "durationSeconds": 249,
      "id": 469,
      "isOnPlaylist": false,
      "podcast": {
        "id": 6,
        "title": "Fitness Frontier",
      },
      "pubDate": 2024-02-04T13:00:00.048Z,
      "title": "Podcast (6) Episode #5",
    },
    {
      "durationSeconds": 249,
      "id": 5,
      "isOnPlaylist": false,
      "podcast": {
        "id": 1,
        "title": "The Startup Squad",
      },
      "pubDate": 2024-02-04T13:00:00.008Z,
      "title": "Podcast (1) Episode #5",
    },
    {
      "durationSeconds": 246,
      "id": 1485,
      "isOnPlaylist": false,
      "podcast": {
        "id": 11,
        "title": "@Tech Talk ",
      },
      "pubDate": 2024-02-03T20:00:00.088Z,
      "title": "Podcast (11) Episode #4",
    },
    {
      "durationSeconds": 246,
      "id": 1114,
      "isOnPlaylist": false,
      "podcast": {
        "id": 9,
        "title": "8-Bit Adventures",
      },
      "pubDate": 2024-02-03T20:00:00.072Z,
      "title": "Podcast (9) Episode #4",
    },
    {
      "durationSeconds": 246,
      "id": 468,
      "isOnPlaylist": false,
      "podcast": {
        "id": 6,
        "title": "Fitness Frontier",
      },
      "pubDate": 2024-02-03T20:00:00.048Z,
      "title": "Podcast (6) Episode #4",
    },
    {
      "durationSeconds": 246,
      "id": 4,
      "isOnPlaylist": false,
      "podcast": {
        "id": 1,
        "title": "The Startup Squad",
      },
      "pubDate": 2024-02-03T20:00:00.008Z,
      "title": "Podcast (1) Episode #4",
    },
    {
      "durationSeconds": 243,
      "id": 1484,
      "isOnPlaylist": false,
      "podcast": {
        "id": 11,
        "title": "@Tech Talk ",
      },
      "pubDate": 2024-02-03T03:00:00.088Z,
      "title": "Podcast (11) Episode #3",
    },
    {
      "durationSeconds": 243,
      "id": 1113,
      "isOnPlaylist": false,
      "podcast": {
        "id": 9,
        "title": "8-Bit Adventures",
      },
      "pubDate": 2024-02-03T03:00:00.072Z,
      "title": "Podcast (9) Episode #3",
    },
    {
      "durationSeconds": 243,
      "id": 467,
      "isOnPlaylist": false,
      "podcast": {
        "id": 6,
        "title": "Fitness Frontier",
      },
      "pubDate": 2024-02-03T03:00:00.048Z,
      "title": "Podcast (6) Episode #3",
    },
    {
      "durationSeconds": 243,
      "id": 3,
      "isOnPlaylist": false,
      "podcast": {
        "id": 1,
        "title": "The Startup Squad",
      },
      "pubDate": 2024-02-03T03:00:00.008Z,
      "title": "Podcast (1) Episode #3",
    },
    {
      "durationSeconds": 240,
      "id": 1483,
      "isOnPlaylist": false,
      "podcast": {
        "id": 11,
        "title": "@Tech Talk ",
      },
      "pubDate": 2024-02-02T10:00:00.088Z,
      "title": "Podcast (11) Episode #2",
    },
    {
      "durationSeconds": 240,
      "id": 1112,
      "isOnPlaylist": false,
      "podcast": {
        "id": 9,
        "title": "8-Bit Adventures",
      },
      "pubDate": 2024-02-02T10:00:00.072Z,
      "title": "Podcast (9) Episode #2",
    },
    {
      "durationSeconds": 240,
      "id": 466,
      "isOnPlaylist": false,
      "podcast": {
        "id": 6,
        "title": "Fitness Frontier",
      },
      "pubDate": 2024-02-02T10:00:00.048Z,
      "title": "Podcast (6) Episode #2",
    },
    {
      "durationSeconds": 240,
      "id": 2,
      "isOnPlaylist": false,
      "podcast": {
        "id": 1,
        "title": "The Startup Squad",
      },
      "pubDate": 2024-02-02T10:00:00.008Z,
      "title": "Podcast (1) Episode #2",
    },
    {
      "durationSeconds": 237,
      "id": 1482,
      "isOnPlaylist": false,
      "podcast": {
        "id": 11,
        "title": "@Tech Talk ",
      },
      "pubDate": 2024-02-01T17:00:00.088Z,
      "title": "Podcast (11) Episode #1",
    },
    {
      "durationSeconds": 237,
      "id": 1111,
      "isOnPlaylist": false,
      "podcast": {
        "id": 9,
        "title": "8-Bit Adventures",
      },
      "pubDate": 2024-02-01T17:00:00.072Z,
      "title": "Podcast (9) Episode #1",
    },
    {
      "durationSeconds": 237,
      "id": 465,
      "isOnPlaylist": false,
      "podcast": {
        "id": 6,
        "title": "Fitness Frontier",
      },
      "pubDate": 2024-02-01T17:00:00.048Z,
      "title": "Podcast (6) Episode #1",
    },
    {
      "durationSeconds": 237,
      "id": 1,
      "isOnPlaylist": false,
      "podcast": {
        "id": 1,
        "title": "The Startup Squad",
      },
      "pubDate": 2024-02-01T17:00:00.008Z,
      "title": "Podcast (1) Episode #1",
    },
  ],
  "totalItems": 284,
}
`;

exports[`feed > get feed { searchParams: '?page=7' } 1`] = `
{
  "items": [],
  "totalItems": 284,
}
`;
