---
source: src/update.rs
expression: html
---
"<p>Lorem ipsum dolor sit amet<br>consetetur sadipscing elitr sed</p><p>diam nonumy eirmod tempor invidunt ut labore</p>"
